// Jest Snapshot v1, https://goo.gl/fbAQLP

exports[`DateTimeInput renders now with wrong date 1`] = `
<DocumentFragment>
  <div
    class="criterion-input date-input"
  >
    <input
      class="form-control"
      data-testid="date-input"
      type="date"
      value="2019-01-23"
    />
  </div>
</DocumentFragment>
`;

exports[`DateTimeInput renders type date 1`] = `
<DocumentFragment>
  <div
    class="criterion-input date-input"
  >
    <input
      class="form-control"
      data-testid="date-input"
      type="date"
      value="2019-01-23"
    />
  </div>
</DocumentFragment>
`;
