// Jest Snapshot v1, https://goo.gl/fbAQLP

exports[`CriteriaSidebarItem renders 1`] = `
<DocumentFragment>
  <li
    class="criteria-sidebar-item-root"
  >
    <span
      class="inline-item"
    >
      <svg
        class="lexicon-icon lexicon-icon-drag"
        role="presentation"
      >
        <use
          xlink:href="#drag"
        />
      </svg>
    </span>
    <span
      class="criteria-sidebar-item-type sticker sticker-dark"
    >
      <span
        class="inline-item"
      >
        <svg
          class="lexicon-icon lexicon-icon-text"
          role="presentation"
        >
          <use
            xlink:href="#text"
          />
        </svg>
      </span>
    </span>
  </li>
</DocumentFragment>
`;
