// Jest Snapshot v1, https://goo.gl/fbAQLP

exports[`CriteriaGroup renders 1`] = `
<DocumentFragment>
  <div
    class="criteria-group-item color--user"
  >
    <div
      class="empty-drop-zone-root empty-drop-zone-dashed border-primary rounded"
    >
      <div
        class="drop-zone-target p-5"
      >
        <div
          class="empty-drop-zone-indicator"
        />
      </div>
    </div>
  </div>
</DocumentFragment>
`;
