// Jest Snapshot v1, https://goo.gl/fbAQLP

exports[`DropZone renders 1`] = `
<DocumentFragment>
  <div
    class="drop-zone-root"
  >
    <div
      class="drop-zone-target"
    />
  </div>
</DocumentFragment>
`;
