// Jest Snapshot v1, https://goo.gl/fbAQLP

exports[`FriendlyURLHistory FriendlyURLHistoryModal renders the old friendly urls 1`] = `
Array [
  "/test-3",
  "/test-2",
  "/test-1",
]
`;
