// Jest Snapshot v1, https://goo.gl/fbAQLP

exports[`Liferay.Util.toCharCode returns string 1`] = `"10810510210111497121"`;
