// Jest Snapshot v1, https://goo.gl/fbAQLP

exports[`Validation renders checkbox to enable Validation 1`] = `
<div>
  <div
    class="form-group lfr-ddm-form-field-validation"
  >
    <div
      aria-labelledby="enableValidation_fieldDetails"
      class="form-group hide"
      data-field-name="enableValidation"
      tabindex="0"
    >
      <label
        class="toggle-switch"
      >
        <label
          class="toggle-switch simple-toggle-switch"
        >
          <span
            class="toggle-switch-check-bar"
          >
            <input
              class="toggle-switch-check"
              name="enableValidation"
              type="checkbox"
              value="false"
            />
            <span
              aria-hidden="true"
              class="toggle-switch-bar"
            >
              <span
                class="toggle-switch-handle"
              />
            </span>
          </span>
        </label>
        Validator
      </label>
      <input
        class="form-control"
        name="enableValidation"
        type="hidden"
        value="false"
      />
      <input
        name="enableValidation_edited"
        type="hidden"
        value="false"
      />
      
    </div>
  </div>
</div>
`;
